  1000/10000  53s
  2000/10000  105s
  3000/10000  159s
  4000/10000  211s
  5000/10000  264s
  6000/10000  316s
  7000/10000  369s
  8000/10000  422s
  9000/10000  476s
  10000/10000  529s

=== 10000 單局, 529s ===
  A 攻(EV最佳) : mean=+0.048  std=11.22  median=-1  P(贏)=45.9%  P(輸≥6)=25.64%
  B 守(防守最佳): mean=-0.210  std=10.61  median=-1  P(贏)=45.7%  P(輸≥6)=25.22%

  配對 ΔP(輸≥6) = -0.42pp ± 0.16  (t-2.6)
  配對 Δ平均淨分 (B-A) = -0.258 ± 0.035  (B 守犧牲的 EV)

  bin  centre   A攻    B守
  [-60,-56)      0     0
  [-56,-52)      0     0
  [-52,-48)      0     0
  [-48,-44)      1     1
  [-44,-40)      2     3
  [-40,-36)     11    11
  [-36,-32)     10    10
  [-32,-28)     18    20
  [-28,-24)     53    55
  [-24,-20)    118   117
  [-20,-16)    179   180
  [-16,-12)    492   497
  [-12, -8)    795   751
  [ -8, -4)   1022  1016
  [ -4, +0)   2591  2656
  [ +0, +4)   2245  2333
  [ +4, +8)    868   858
  [ +8,+12)    635   587
  [+12,+16)    154   194
  [+16,+20)    471   416
  [+20,+24)     62    53
  [+24,+28)     32    41
  [+28,+32)     14    12
  [+32,+36)     24    22
  [+36,+40)    111    95
  [+40,+44)     35    30
  [+44,+48)     11    12
  [+48,+52)      7     6
  [+52,+56)      4     2
  [+56,+60)      5     5
