  500/10000  131s
  1000/10000  265s
  1500/10000  398s
  2000/10000  530s
  2500/10000  662s
  3000/10000  795s
  3500/10000  928s
  4000/10000  1061s
  4500/10000  1195s
  5000/10000  1359s
  5500/10000  1493s
  6000/10000  1628s
  6500/10000  1766s
  7000/10000  1901s
  7500/10000  2036s
  8000/10000  2172s
  8500/10000  2304s
  9000/10000  2436s
  9500/10000  2569s
  10000/10000  2701s

=== 10000 場 × 6 局, 2701s ===
  RA4(新attitude) 不輸率 = 74.59%
  ML1(att=0 大神) 不輸率 = 76.41%
  配對 Δ(RA4−ML1) = -1.81pp ± 0.49  (t-3.7)
  → ML1 較不輸
