  500/10000  173s
  1000/10000  347s
  1500/10000  522s
  2000/10000  697s
  2500/10000  869s
  3000/10000  1047s
  3500/10000  1224s
  4000/10000  1401s
  4500/10000  1575s
  5000/10000  1751s
  5500/10000  1924s
  6000/10000  2095s
  6500/10000  2272s
  7000/10000  2444s
  7500/10000  2618s
  8000/10000  2791s
  8500/10000  2966s
  9000/10000  3140s
  9500/10000  3313s
  10000/10000  3487s

=== 10000 場 × 6 局, 3487s ===
  seat0 RA4 vs RA3 排法不同 = 0.9% 的局
  不墊底率：RA3=76.15%  RA4=76.19%  ML1=78.09%

  配對差（皆同一批牌、三家 RA3 背景）:
  RA4 − RA3 (attitude 淨貢獻) = +0.04pp ± 0.06  (t+0.6)
  ML1 − RA3 (底力差)         = +1.94pp ± 0.25  (t+7.8)
  RA4 − ML1 (頭對頭)         = -1.90pp ± 0.25  (t-7.7)
