=== eval_coverage 結束，接力 shrink_table Sun Jun 14 12:59:31 +08 2026 ===
  500/4000  10837s
  1000/4000  13004s
  1500/4000  19255s
  2000/4000  25044s
  2500/4000  31124s
  3000/4000  37831s
  3500/4000  44500s
  4000/4000  51384s

=== 純四輪車 縮vs推  n=4000 (51384s) ===
整體：推較佳 58%  平均 gap(推−縮) +0.835 分/手

推勝率%  (列=P2 第二大對, 欄=最大單張 S1).  ≥50=該推, <50=該縮
P2\S1    7    8    9   10    J    Q    K    A
   4     .    .    .    .    .    .   27    4
   5     .    .    .    .    .   94   35    1
   6     .    .    .    .  100   77   36    2
   7     .    .    .    .  100   78   38    1
   8     .    .    .    .  100   94   45    1
   9     .    .    .    .  100   93   64    3
  10     .    .    .    .  100  100   83   17
   J     .    .  100  100    .  100   99   56
   Q     .  100  100  100  100    .  100  100
   K     .    .  100  100  100  100    .    .

(. = 樣本不足)  raw → ml/data/shrink_table.npy
=== shrink_table DONE Sun Jun 14 12:59:31 +08 2026 ===
